// Jest Snapshot v1, https://goo.gl/fbAQLP

exports[`InfoContainer Should match the snapshot 1`] = `ShallowWrapper {}`;
